ASxxxx Linker V05.20                                                    Page 1
Hexadecimal [16-Bits]                                 Fri Oct 11 15:00:04 2019

Area                       Addr        Size        Decimal Bytes (Attributes)
--------------------       ----        ----        ------- ----- ------------
.  .ABS.                   0000        0000 =           0. bytes (ABS,OVR,CSEG)

         Value  Global                             Global Defined In Module
         -----  --------------------------------   ------------------------
          0000  .__.ABS.                           

ASxxxx Linker V05.20                                                    Page 2
Hexadecimal [16-Bits]                                 Fri Oct 11 15:00:04 2019

Area                       Addr        Size        Decimal Bytes (Attributes)
--------------------       ----        ----        ------- ----- ------------
area_abs                   0000        8012 =       32786. bytes (ABS,OVR,CSEG)

         Value  Global                             Global Defined In Module
         -----  --------------------------------   ------------------------
ASxxxx Linker V05.20                                                    Page 3
Hexadecimal [16-Bits]                                 Fri Oct 11 15:00:04 2019

Area                       Addr        Size        Decimal Bytes (Attributes)
--------------------       ----        ----        ------- ----- ------------
area_rel                   1A2B        0011 =          17. bytes (REL,CON,CSEG)

         Value  Global                             Global Defined In Module
         -----  --------------------------------   ------------------------
ASxxxx Linker V05.20                                                    Page 4
Hexadecimal [16-Bits]                                 Fri Oct 11 15:00:04 2019
[ Bank == _CSEG ]

Area                       Addr        Size        Decimal Bytes (Attributes)
--------------------       ----        ----        ------- ----- ------------
_CODE                      0800        003D =          61. bytes (REL,CON,CSEG)

         Value  Global                             Global Defined In Module
         -----  --------------------------------   ------------------------
          0811  g_wide                             
          082C  c_wide                             
          083B  w_longsym_123456789_123456789_12   

ASxxxx Linker V05.20                                                    Page 5
Hexadecimal [16-Bits]                                 Fri Oct 11 15:00:04 2019

Files Linked                              [ module(s) ]

wide.rel                                  [  ]

ASxxxx Linker V05.20                                                    Page 6
Hexadecimal [16-Bits]                                 Fri Oct 11 15:00:04 2019

User Base Address Definitions

_code=0x800
area_rel=0x1A2B

